INFO app.main: Log level set to INFO
INFO uvicorn.error: Started server process [32120]
INFO uvicorn.error: Waiting for application startup.
INFO uvicorn.error: Application startup complete.
INFO uvicorn.error: Uvicorn running on http://0.0.0.0:8000 (Press CTRL+C to quit)
INFO app.routers.auth: User 'megan' (id=1) logged in
INFO uvicorn.access: 127.0.0.1:60977 - "POST /login HTTP/1.1" 303
INFO uvicorn.access: 127.0.0.1:60981 - "GET /import HTTP/1.1" 200
INFO uvicorn.access: 127.0.0.1:60983 - "POST /login HTTP/1.1" 200
INFO uvicorn.access: 127.0.0.1:60985 - "GET /import HTTP/1.1" 303
INFO uvicorn.access: 127.0.0.1:61019 - "POST /login HTTP/1.1" 200
INFO uvicorn.access: 127.0.0.1:61021 - "POST /login HTTP/1.1" 200
INFO uvicorn.access: 127.0.0.1:61023 - "POST /login HTTP/1.1" 200
INFO uvicorn.access: 127.0.0.1:61025 - "GET /import HTTP/1.1" 303
INFO uvicorn.access: 127.0.0.1:61027 - "GET /admin HTTP/1.1" 303
INFO uvicorn.access: 127.0.0.1:61029 - "GET /parts HTTP/1.1" 303
INFO uvicorn.access: 127.0.0.1:61052 - "POST /admin/user/2/edit HTTP/1.1" 303
INFO app.routers.auth: User 'jane' (id=2) logged in
INFO uvicorn.access: 127.0.0.1:61054 - "POST /login HTTP/1.1" 303
INFO uvicorn.access: 127.0.0.1:61056 - "GET /admin HTTP/1.1" 403
INFO uvicorn.access: 127.0.0.1:61062 - "GET /import HTTP/1.1" 403
INFO uvicorn.access: 127.0.0.1:50995 - "GET /favicon.ico HTTP/1.1" 404
INFO uvicorn.access: 127.0.0.1:53662 - "GET / HTTP/1.1" 500
ERROR uvicorn.error: Exception in ASGI application
  + Exception Group Traceback (most recent call last):
  |   File "C:\ramesh2026\apps\python314\Lib\site-packages\starlette\_utils.py", line 77, in collapse_excgroups
  |     yield
  |   File "C:\ramesh2026\apps\python314\Lib\site-packages\starlette\middleware\base.py", line 186, in __call__
  |     async with anyio.create_task_group() as task_group:
  |                ~~~~~~~~~~~~~~~~~~~~~~~^^
  |   File "C:\ramesh2026\apps\python314\Lib\site-packages\anyio\_backends\_asyncio.py", line 799, in __aexit__
  |     raise BaseExceptionGroup(
  |         "unhandled errors in a TaskGroup", self._exceptions
  |     ) from None
  | ExceptionGroup: unhandled errors in a TaskGroup (1 sub-exception)
  +-+---------------- 1 ----------------
    | Traceback (most recent call last):
    |   File "C:\ramesh2026\apps\python314\Lib\site-packages\uvicorn\protocols\http\httptools_impl.py", line 422, in run_asgi
    |     result = await app(  # type: ignore[func-returns-value]
    |              ^^^^^^^^^^^^^^^^^^^^^^^^^^^^^^^^^^^^^^^^^^^^^^
    |         self.scope, self.receive, self.send
    |         ^^^^^^^^^^^^^^^^^^^^^^^^^^^^^^^^^^^
    |     )
    |     ^
    |   File "C:\ramesh2026\apps\python314\Lib\site-packages\uvicorn\middleware\proxy_headers.py", line 63, in __call__
    |     return await self.app(scope, receive, send)
    |            ^^^^^^^^^^^^^^^^^^^^^^^^^^^^^^^^^^^^
    |   File "C:\ramesh2026\apps\python314\Lib\site-packages\fastapi\applications.py", line 1054, in __call__
    |     await super().__call__(scope, receive, send)
    |   File "C:\ramesh2026\apps\python314\Lib\site-packages\starlette\applications.py", line 113, in __call__
    |     await self.middleware_stack(scope, receive, send)
    |   File "C:\ramesh2026\apps\python314\Lib\site-packages\starlette\middleware\errors.py", line 187, in __call__
    |     raise exc
    |   File "C:\ramesh2026\apps\python314\Lib\site-packages\starlette\middleware\errors.py", line 165, in __call__
    |     await self.app(scope, receive, _send)
    |   File "C:\ramesh2026\apps\python314\Lib\site-packages\starlette\middleware\base.py", line 185, in __call__
    |     with collapse_excgroups():
    |          ~~~~~~~~~~~~~~~~~~^^
    |   File "C:\ramesh2026\apps\python314\Lib\contextlib.py", line 162, in __exit__
    |     self.gen.throw(value)
    |     ~~~~~~~~~~~~~~^^^^^^^
    |   File "C:\ramesh2026\apps\python314\Lib\site-packages\starlette\_utils.py", line 83, in collapse_excgroups
    |     raise exc
    |   File "C:\ramesh2026\apps\python314\Lib\site-packages\starlette\middleware\base.py", line 187, in __call__
    |     response = await self.dispatch_func(request, call_next)
    |                ^^^^^^^^^^^^^^^^^^^^^^^^^^^^^^^^^^^^^^^^^^^^
    |   File "C:\ramesh2026\repo-2026\plm-iq\app\main.py", line 64, in catch_auth_redirect
    |   File "C:\ramesh2026\apps\python314\Lib\site-packages\starlette\middleware\base.py", line 163, in call_next
    |     raise app_exc
    |   File "C:\ramesh2026\apps\python314\Lib\site-packages\starlette\middleware\base.py", line 149, in coro
    |     await self.app(scope, receive_or_disconnect, send_no_error)
    |   File "C:\ramesh2026\apps\python314\Lib\site-packages\starlette\middleware\sessions.py", line 85, in __call__
    |     await self.app(scope, receive, send_wrapper)
    |   File "C:\ramesh2026\apps\python314\Lib\site-packages\starlette\middleware\exceptions.py", line 62, in __call__
    |     await wrap_app_handling_exceptions(self.app, conn)(scope, receive, send)
    |   File "C:\ramesh2026\apps\python314\Lib\site-packages\starlette\_exception_handler.py", line 62, in wrapped_app
    |     raise exc
    |   File "C:\ramesh2026\apps\python314\Lib\site-packages\starlette\_exception_handler.py", line 51, in wrapped_app
    |     await app(scope, receive, sender)
    |   File "C:\ramesh2026\apps\python314\Lib\site-packages\starlette\routing.py", line 715, in __call__
    |     await self.middleware_stack(scope, receive, send)
    |   File "C:\ramesh2026\apps\python314\Lib\site-packages\starlette\routing.py", line 735, in app
    |     await route.handle(scope, receive, send)
    |   File "C:\ramesh2026\apps\python314\Lib\site-packages\starlette\routing.py", line 288, in handle
    |     await self.app(scope, receive, send)
    |   File "C:\ramesh2026\apps\python314\Lib\site-packages\starlette\routing.py", line 76, in app
    |     await wrap_app_handling_exceptions(app, request)(scope, receive, send)
    |   File "C:\ramesh2026\apps\python314\Lib\site-packages\starlette\_exception_handler.py", line 62, in wrapped_app
    |     raise exc
    |   File "C:\ramesh2026\apps\python314\Lib\site-packages\starlette\_exception_handler.py", line 51, in wrapped_app
    |     await app(scope, receive, sender)
    |   File "C:\ramesh2026\apps\python314\Lib\site-packages\starlette\routing.py", line 73, in app
    |     response = await f(request)
    |                ^^^^^^^^^^^^^^^^
    |   File "C:\ramesh2026\apps\python314\Lib\site-packages\fastapi\routing.py", line 301, in app
    |     raw_response = await run_endpoint_function(
    |                    ^^^^^^^^^^^^^^^^^^^^^^^^^^^^
    |     ...<3 lines>...
    |     )
    |     ^
    |   File "C:\ramesh2026\apps\python314\Lib\site-packages\fastapi\routing.py", line 214, in run_endpoint_function
    |     return await run_in_threadpool(dependant.call, **values)
    |            ^^^^^^^^^^^^^^^^^^^^^^^^^^^^^^^^^^^^^^^^^^^^^^^^^
    |   File "C:\ramesh2026\apps\python314\Lib\site-packages\starlette\concurrency.py", line 39, in run_in_threadpool
    |     return await anyio.to_thread.run_sync(func, *args)
    |            ^^^^^^^^^^^^^^^^^^^^^^^^^^^^^^^^^^^^^^^^^^^
    |   File "C:\ramesh2026\apps\python314\Lib\site-packages\anyio\to_thread.py", line 63, in run_sync
    |     return await get_async_backend().run_sync_in_worker_thread(
    |            ^^^^^^^^^^^^^^^^^^^^^^^^^^^^^^^^^^^^^^^^^^^^^^^^^^^^
    |         func, args, abandon_on_cancel=abandon_on_cancel, limiter=limiter
    |         ^^^^^^^^^^^^^^^^^^^^^^^^^^^^^^^^^^^^^^^^^^^^^^^^^^^^^^^^^^^^^^^^
    |     )
    |     ^
    |   File "C:\ramesh2026\apps\python314\Lib\site-packages\anyio\_backends\_asyncio.py", line 2518, in run_sync_in_worker_thread
    |     return await future
    |            ^^^^^^^^^^^^
    |   File "C:\ramesh2026\apps\python314\Lib\site-packages\anyio\_backends\_asyncio.py", line 1002, in run
    |     result = context.run(func, *args)
    |   File "C:\ramesh2026\repo-2026\plm-iq\app\routers\dashboard.py", line 52, in dashboard
    |     return HTMLResponse(content=render(
    |                                 ~~~~~~^
    |         "dashboard.html",
    |         ^^^^^^^^^^^^^^^^^
    |     ...<12 lines>...
    |         eco_statuses=["DRAFT", "REVIEW", "APPROVED"],
    |         ^^^^^^^^^^^^^^^^^^^^^^^^^^^^^^^^^^^^^^^^^^^^^
    |     ))
    |     ^
    |   File "C:\ramesh2026\repo-2026\plm-iq\app\template_utils.py", line 53, in render
    |     return template.render(**context)
    |            ~~~~~~~~~~~~~~~^^^^^^^^^^^
    |   File "C:\ramesh2026\apps\python314\Lib\site-packages\jinja2\environment.py", line 1304, in render
    |     self.environment.handle_exception()
    |     ~~~~~~~~~~~~~~~~~~~~~~~~~~~~~~~~~^^
    |   File "C:\ramesh2026\apps\python314\Lib\site-packages\jinja2\environment.py", line 939, in handle_exception
    |     raise rewrite_traceback_stack(source=source)
    |   File "C:\ramesh2026\repo-2026\plm-iq\app\templates\dashboard.html", line 1, in top-level template code
    |     {% extends "base.html" %}
    |   File "C:\ramesh2026\repo-2026\plm-iq\app\templates\base.html", line 40, in top-level template code
    |     {% if unread_count > 0 %}
    |     
    | jinja2.exceptions.UndefinedError: 'unread_count' is undefined
    +------------------------------------

During handling of the above exception, another exception occurred:

Traceback (most recent call last):
  File "C:\ramesh2026\apps\python314\Lib\site-packages\uvicorn\protocols\http\httptools_impl.py", line 422, in run_asgi
    result = await app(  # type: ignore[func-returns-value]
             ^^^^^^^^^^^^^^^^^^^^^^^^^^^^^^^^^^^^^^^^^^^^^^
        self.scope, self.receive, self.send
        ^^^^^^^^^^^^^^^^^^^^^^^^^^^^^^^^^^^
    )
    ^
  File "C:\ramesh2026\apps\python314\Lib\site-packages\uvicorn\middleware\proxy_headers.py", line 63, in __call__
    return await self.app(scope, receive, send)
           ^^^^^^^^^^^^^^^^^^^^^^^^^^^^^^^^^^^^
  File "C:\ramesh2026\apps\python314\Lib\site-packages\fastapi\applications.py", line 1054, in __call__
    await super().__call__(scope, receive, send)
  File "C:\ramesh2026\apps\python314\Lib\site-packages\starlette\applications.py", line 113, in __call__
    await self.middleware_stack(scope, receive, send)
  File "C:\ramesh2026\apps\python314\Lib\site-packages\starlette\middleware\errors.py", line 187, in __call__
    raise exc
  File "C:\ramesh2026\apps\python314\Lib\site-packages\starlette\middleware\errors.py", line 165, in __call__
    await self.app(scope, receive, _send)
  File "C:\ramesh2026\apps\python314\Lib\site-packages\starlette\middleware\base.py", line 185, in __call__
    with collapse_excgroups():
         ~~~~~~~~~~~~~~~~~~^^
  File "C:\ramesh2026\apps\python314\Lib\contextlib.py", line 162, in __exit__
    self.gen.throw(value)
    ~~~~~~~~~~~~~~^^^^^^^
  File "C:\ramesh2026\apps\python314\Lib\site-packages\starlette\_utils.py", line 83, in collapse_excgroups
    raise exc
  File "C:\ramesh2026\apps\python314\Lib\site-packages\starlette\middleware\base.py", line 187, in __call__
    response = await self.dispatch_func(request, call_next)
               ^^^^^^^^^^^^^^^^^^^^^^^^^^^^^^^^^^^^^^^^^^^^
  File "C:\ramesh2026\repo-2026\plm-iq\app\main.py", line 64, in catch_auth_redirect
  File "C:\ramesh2026\apps\python314\Lib\site-packages\starlette\middleware\base.py", line 163, in call_next
    raise app_exc
  File "C:\ramesh2026\apps\python314\Lib\site-packages\starlette\middleware\base.py", line 149, in coro
    await self.app(scope, receive_or_disconnect, send_no_error)
  File "C:\ramesh2026\apps\python314\Lib\site-packages\starlette\middleware\sessions.py", line 85, in __call__
    await self.app(scope, receive, send_wrapper)
  File "C:\ramesh2026\apps\python314\Lib\site-packages\starlette\middleware\exceptions.py", line 62, in __call__
    await wrap_app_handling_exceptions(self.app, conn)(scope, receive, send)
  File "C:\ramesh2026\apps\python314\Lib\site-packages\starlette\_exception_handler.py", line 62, in wrapped_app
    raise exc
  File "C:\ramesh2026\apps\python314\Lib\site-packages\starlette\_exception_handler.py", line 51, in wrapped_app
    await app(scope, receive, sender)
  File "C:\ramesh2026\apps\python314\Lib\site-packages\starlette\routing.py", line 715, in __call__
    await self.middleware_stack(scope, receive, send)
  File "C:\ramesh2026\apps\python314\Lib\site-packages\starlette\routing.py", line 735, in app
    await route.handle(scope, receive, send)
  File "C:\ramesh2026\apps\python314\Lib\site-packages\starlette\routing.py", line 288, in handle
    await self.app(scope, receive, send)
  File "C:\ramesh2026\apps\python314\Lib\site-packages\starlette\routing.py", line 76, in app
    await wrap_app_handling_exceptions(app, request)(scope, receive, send)
  File "C:\ramesh2026\apps\python314\Lib\site-packages\starlette\_exception_handler.py", line 62, in wrapped_app
    raise exc
  File "C:\ramesh2026\apps\python314\Lib\site-packages\starlette\_exception_handler.py", line 51, in wrapped_app
    await app(scope, receive, sender)
  File "C:\ramesh2026\apps\python314\Lib\site-packages\starlette\routing.py", line 73, in app
    response = await f(request)
               ^^^^^^^^^^^^^^^^
  File "C:\ramesh2026\apps\python314\Lib\site-packages\fastapi\routing.py", line 301, in app
    raw_response = await run_endpoint_function(
                   ^^^^^^^^^^^^^^^^^^^^^^^^^^^^
    ...<3 lines>...
    )
    ^
  File "C:\ramesh2026\apps\python314\Lib\site-packages\fastapi\routing.py", line 214, in run_endpoint_function
    return await run_in_threadpool(dependant.call, **values)
           ^^^^^^^^^^^^^^^^^^^^^^^^^^^^^^^^^^^^^^^^^^^^^^^^^
  File "C:\ramesh2026\apps\python314\Lib\site-packages\starlette\concurrency.py", line 39, in run_in_threadpool
    return await anyio.to_thread.run_sync(func, *args)
           ^^^^^^^^^^^^^^^^^^^^^^^^^^^^^^^^^^^^^^^^^^^
  File "C:\ramesh2026\apps\python314\Lib\site-packages\anyio\to_thread.py", line 63, in run_sync
    return await get_async_backend().run_sync_in_worker_thread(
           ^^^^^^^^^^^^^^^^^^^^^^^^^^^^^^^^^^^^^^^^^^^^^^^^^^^^
        func, args, abandon_on_cancel=abandon_on_cancel, limiter=limiter
        ^^^^^^^^^^^^^^^^^^^^^^^^^^^^^^^^^^^^^^^^^^^^^^^^^^^^^^^^^^^^^^^^
    )
    ^
  File "C:\ramesh2026\apps\python314\Lib\site-packages\anyio\_backends\_asyncio.py", line 2518, in run_sync_in_worker_thread
    return await future
           ^^^^^^^^^^^^
  File "C:\ramesh2026\apps\python314\Lib\site-packages\anyio\_backends\_asyncio.py", line 1002, in run
    result = context.run(func, *args)
  File "C:\ramesh2026\repo-2026\plm-iq\app\routers\dashboard.py", line 52, in dashboard
    return HTMLResponse(content=render(
                                ~~~~~~^
        "dashboard.html",
        ^^^^^^^^^^^^^^^^^
    ...<12 lines>...
        eco_statuses=["DRAFT", "REVIEW", "APPROVED"],
        ^^^^^^^^^^^^^^^^^^^^^^^^^^^^^^^^^^^^^^^^^^^^^
    ))
    ^
  File "C:\ramesh2026\repo-2026\plm-iq\app\template_utils.py", line 53, in render
    return template.render(**context)
           ~~~~~~~~~~~~~~~^^^^^^^^^^^
  File "C:\ramesh2026\apps\python314\Lib\site-packages\jinja2\environment.py", line 1304, in render
    self.environment.handle_exception()
    ~~~~~~~~~~~~~~~~~~~~~~~~~~~~~~~~~^^
  File "C:\ramesh2026\apps\python314\Lib\site-packages\jinja2\environment.py", line 939, in handle_exception
    raise rewrite_traceback_stack(source=source)
  File "C:\ramesh2026\repo-2026\plm-iq\app\templates\dashboard.html", line 1, in top-level template code
    {% extends "base.html" %}
  File "C:\ramesh2026\repo-2026\plm-iq\app\templates\base.html", line 40, in top-level template code
    {% if unread_count > 0 %}
    
jinja2.exceptions.UndefinedError: 'unread_count' is undefined
INFO uvicorn.access: 127.0.0.1:51942 - "GET /favicon.ico HTTP/1.1" 404
